{
  "version": "1.4.0",
  "plugins_used": [
    {
      "name": "ArtifactoryDetector"
    },
    {
      "name": "AWSKeyDetector"
    },
    {
      "name": "AzureStorageKeyDetector"
    },
    {
      "name": "Base64HighEntropyString",
      "limit": 4.5
    },
    {
      "name": "BasicAuthDetector"
    },
    {
      "name": "CloudantDetector"
    },
    {
      "name": "DiscordBotTokenDetector"
    },
    {
      "name": "GitHubTokenDetector"
    },
    {
      "name": "HexHighEntropyString",
      "limit": 3.0
    },
    {
      "name": "IbmCloudIamDetector"
    },
    {
      "name": "IbmCosHmacDetector"
    },
    {
      "name": "JwtTokenDetector"
    },
    {
      "name": "KeywordDetector",
      "keyword_exclude": ""
    },
    {
      "name": "MailchimpDetector"
    },
    {
      "name": "NpmDetector"
    },
    {
      "name": "PrivateKeyDetector"
    },
    {
      "name": "SendGridDetector"
    },
    {
      "name": "SlackDetector"
    },
    {
      "name": "SoftlayerDetector"
    },
    {
      "name": "SquareOAuthDetector"
    },
    {
      "name": "StripeDetector"
    },
    {
      "name": "TwilioKeyDetector"
    }
  ],
  "filters_used": [
    {
      "path": "detect_secrets.filters.allowlist.is_line_allowlisted"
    },
    {
      "path": "detect_secrets.filters.common.is_baseline_file",
      "filename": ".secrets.baseline"
    },
    {
      "path": "detect_secrets.filters.common.is_ignored_due_to_verification_policies",
      "min_level": 2
    },
    {
      "path": "detect_secrets.filters.heuristic.is_indirect_reference"
    },
    {
      "path": "detect_secrets.filters.heuristic.is_likely_id_string"
    },
    {
      "path": "detect_secrets.filters.heuristic.is_lock_file"
    },
    {
      "path": "detect_secrets.filters.heuristic.is_not_alphanumeric_string"
    },
    {
      "path": "detect_secrets.filters.heuristic.is_potential_uuid"
    },
    {
      "path": "detect_secrets.filters.heuristic.is_prefixed_with_dollar_sign"
    },
    {
      "path": "detect_secrets.filters.heuristic.is_sequential_string"
    },
    {
      "path": "detect_secrets.filters.heuristic.is_swagger_file"
    },
    {
      "path": "detect_secrets.filters.heuristic.is_templated_secret"
    },
    {
      "path": "detect_secrets.filters.regex.should_exclude_file",
      "pattern": [
        "\\.dev/|\\.claude/|node_modules/|\\.git/|\\.venv/"
      ]
    }
  ],
  "results": {
    "docs/reference/troubleshooting.md": [
      {
        "type": "Secret Keyword",
        "filename": "docs/reference/troubleshooting.md",
        "hashed_secret": "9ad19750930e5cf133e024641c00daf5fc90c700",
        "is_verified": false,
        "line_number": 101
      }
    ],
    "docs/research/mcp-installer-fix-summary.md": [
      {
        "type": "Secret Keyword",
        "filename": "docs/research/mcp-installer-fix-summary.md",
        "hashed_secret": "f32b67c7e26342af42efabc674d441dca0a281c5",
        "is_verified": false,
        "line_number": 38
      }
    ],
    "docs/user-guide/mcp-installation.md": [
      {
        "type": "Secret Keyword",
        "filename": "docs/user-guide/mcp-installation.md",
        "hashed_secret": "aecdccc1cf64595b34e0cc152d238daabb32183a",
        "is_verified": false,
        "line_number": 79
      }
    ],
    "docs/user-guide/mcp-servers.md": [
      {
        "type": "Secret Keyword",
        "filename": "docs/user-guide/mcp-servers.md",
        "hashed_secret": "a3e14ca24483c78554c083bc907c7194c7846ef1",
        "is_verified": false,
        "line_number": 86
      },
      {
        "type": "Secret Keyword",
        "filename": "docs/user-guide/mcp-servers.md",
        "hashed_secret": "c139659f6dc409ac17c43af820c6db88ba2edd00",
        "is_verified": false,
        "line_number": 149
      },
      {
        "type": "Secret Keyword",
        "filename": "docs/user-guide/mcp-servers.md",
        "hashed_secret": "91c5eefe2fa481a0a21141d6c10cd95b0f38b9ae",
        "is_verified": false,
        "line_number": 346
      },
      {
        "type": "Secret Keyword",
        "filename": "docs/user-guide/mcp-servers.md",
        "hashed_secret": "9ad19750930e5cf133e024641c00daf5fc90c700",
        "is_verified": false,
        "line_number": 349
      }
    ],
    "plugins/superclaude/core/RESEARCH_CONFIG.md": [
      {
        "type": "Secret Keyword",
        "filename": "plugins/superclaude/core/RESEARCH_CONFIG.md",
        "hashed_secret": "0e0dfd2ac12b6923e2d8acc9c496ebc4137bbdaa",
        "is_verified": false,
        "line_number": 380
      }
    ],
    "src/superclaude/cli/install_mcp.py": [
      {
        "type": "Secret Keyword",
        "filename": "src/superclaude/cli/install_mcp.py",
        "hashed_secret": "0e2756fdb85c1de2102c0cfd0e5754d0fff4e4a1",
        "is_verified": false,
        "line_number": 50
      },
      {
        "type": "Secret Keyword",
        "filename": "src/superclaude/cli/install_mcp.py",
        "hashed_secret": "9ac24d130266f59157c2d37fbf3da9c5a0749c4b",
        "is_verified": false,
        "line_number": 51
      },
      {
        "type": "Secret Keyword",
        "filename": "src/superclaude/cli/install_mcp.py",
        "hashed_secret": "a190ccae10f15c069839260523cc80ea2ed529f0",
        "is_verified": false,
        "line_number": 73
      },
      {
        "type": "Secret Keyword",
        "filename": "src/superclaude/cli/install_mcp.py",
        "hashed_secret": "6f08e36bc3b4b1a3086abed0381bdbc1cdee4c2d",
        "is_verified": false,
        "line_number": 74
      },
      {
        "type": "Secret Keyword",
        "filename": "src/superclaude/cli/install_mcp.py",
        "hashed_secret": "46125dd7214670fbb5f5c6b57126ae3440d207f4",
        "is_verified": false,
        "line_number": 82
      },
      {
        "type": "Secret Keyword",
        "filename": "src/superclaude/cli/install_mcp.py",
        "hashed_secret": "765550273660633e5a1c105cd573fcdad40a76c2",
        "is_verified": false,
        "line_number": 83
      }
    ],
    "src/superclaude/cli/swarm/commands.py": [
      {
        "type": "Secret Keyword",
        "filename": "src/superclaude/cli/swarm/commands.py",
        "hashed_secret": "d5c6b06e84157ad074defa3f72213e5f9600682f",
        "is_verified": false,
        "line_number": 804
      }
    ],
    "src/superclaude/cli/swarm/models.py": [
      {
        "type": "Secret Keyword",
        "filename": "src/superclaude/cli/swarm/models.py",
        "hashed_secret": "d5c6b06e84157ad074defa3f72213e5f9600682f",
        "is_verified": false,
        "line_number": 317
      }
    ],
    "tests/audit/test_ac_validation.py": [
      {
        "type": "Secret Keyword",
        "filename": "tests/audit/test_ac_validation.py",
        "hashed_secret": "e7e27c436c9054b75489a5d60df882bdf04d350f",
        "is_verified": false,
        "line_number": 275
      }
    ],
    "tests/audit/test_credential_scanner.py": [
      {
        "type": "AWS Access Key",
        "filename": "tests/audit/test_credential_scanner.py",
        "hashed_secret": "25910f981e85ca04baf359199dd0bd4a3ae738b6",
        "is_verified": false,
        "line_number": 16
      },
      {
        "type": "Secret Keyword",
        "filename": "tests/audit/test_credential_scanner.py",
        "hashed_secret": "ea7853600ffa0de45082e8a116e17311d2d1d2c2",
        "is_verified": false,
        "line_number": 18
      },
      {
        "type": "Base64 High Entropy String",
        "filename": "tests/audit/test_credential_scanner.py",
        "hashed_secret": "55a92aaa0af55b3d0489029300b1366784b30523",
        "is_verified": false,
        "line_number": 66
      },
      {
        "type": "Private Key",
        "filename": "tests/audit/test_credential_scanner.py",
        "hashed_secret": "be4fc4886bd949b369d5e092eb87494f12e57e5b",
        "is_verified": false,
        "line_number": 71
      }
    ],
    "tests/audit/test_inherited_verdict_freshness_inv_002.py": [
      {
        "type": "Hex High Entropy String",
        "filename": "tests/audit/test_inherited_verdict_freshness_inv_002.py",
        "hashed_secret": "26019c2e7b54c3d5b828190796fa49f2ae4b1a43",
        "is_verified": false,
        "line_number": 519
      }
    ],
    "tests/audit/test_severity_floor_unweakened.py": [
      {
        "type": "Hex High Entropy String",
        "filename": "tests/audit/test_severity_floor_unweakened.py",
        "hashed_secret": "0728cf8fbf263bae5e9f6acadd557ea850e37942",
        "is_verified": false,
        "line_number": 42
      }
    ],
    "tests/roadmap/test_semantic_layer.py": [
      {
        "type": "Hex High Entropy String",
        "filename": "tests/roadmap/test_semantic_layer.py",
        "hashed_secret": "e8e6c2284ab5bee4de2ee53880c8fc2a4728d3e8",
        "is_verified": false,
        "line_number": 621
      },
      {
        "type": "Hex High Entropy String",
        "filename": "tests/roadmap/test_semantic_layer.py",
        "hashed_secret": "390005eb18d5a766865d14de4e94b9f0e2b3e131",
        "is_verified": false,
        "line_number": 658
      }
    ],
    "tests/swarm/test_caller_metadata.py": [
      {
        "type": "Secret Keyword",
        "filename": "tests/swarm/test_caller_metadata.py",
        "hashed_secret": "d5c6b06e84157ad074defa3f72213e5f9600682f",
        "is_verified": false,
        "line_number": 197
      }
    ],
    "tests/swarm/test_commands_run.py": [
      {
        "type": "Secret Keyword",
        "filename": "tests/swarm/test_commands_run.py",
        "hashed_secret": "d5c6b06e84157ad074defa3f72213e5f9600682f",
        "is_verified": false,
        "line_number": 90
      }
    ],
    "tests/swarm/test_crash_recovery_e2e.py": [
      {
        "type": "Secret Keyword",
        "filename": "tests/swarm/test_crash_recovery_e2e.py",
        "hashed_secret": "d5c6b06e84157ad074defa3f72213e5f9600682f",
        "is_verified": false,
        "line_number": 127
      }
    ],
    "tests/swarm/test_custom_prompt_dir.py": [
      {
        "type": "Secret Keyword",
        "filename": "tests/swarm/test_custom_prompt_dir.py",
        "hashed_secret": "d5c6b06e84157ad074defa3f72213e5f9600682f",
        "is_verified": false,
        "line_number": 350
      }
    ],
    "tests/swarm/test_imm4_empty_target.py": [
      {
        "type": "Secret Keyword",
        "filename": "tests/swarm/test_imm4_empty_target.py",
        "hashed_secret": "d5c6b06e84157ad074defa3f72213e5f9600682f",
        "is_verified": false,
        "line_number": 85
      }
    ],
    "tests/swarm/test_injection_guard_all_paths.py": [
      {
        "type": "Secret Keyword",
        "filename": "tests/swarm/test_injection_guard_all_paths.py",
        "hashed_secret": "d5c6b06e84157ad074defa3f72213e5f9600682f",
        "is_verified": false,
        "line_number": 108
      }
    ],
    "tests/swarm/test_inv005_pool_guard.py": [
      {
        "type": "Secret Keyword",
        "filename": "tests/swarm/test_inv005_pool_guard.py",
        "hashed_secret": "d5c6b06e84157ad074defa3f72213e5f9600682f",
        "is_verified": false,
        "line_number": 83
      }
    ],
    "tests/swarm/test_inv007_empty_pool.py": [
      {
        "type": "Secret Keyword",
        "filename": "tests/swarm/test_inv007_empty_pool.py",
        "hashed_secret": "d5c6b06e84157ad074defa3f72213e5f9600682f",
        "is_verified": false,
        "line_number": 91
      }
    ],
    "tests/swarm/test_non_claude_caller.py": [
      {
        "type": "Secret Keyword",
        "filename": "tests/swarm/test_non_claude_caller.py",
        "hashed_secret": "d5c6b06e84157ad074defa3f72213e5f9600682f",
        "is_verified": false,
        "line_number": 157
      }
    ],
    "tests/swarm/test_openai_compat.py": [
      {
        "type": "Secret Keyword",
        "filename": "tests/swarm/test_openai_compat.py",
        "hashed_secret": "fa8361bb5be93f0021a110b1d10308d88fbeb3b4",
        "is_verified": false,
        "line_number": 52
      }
    ],
    "tests/swarm/test_preflight.py": [
      {
        "type": "Secret Keyword",
        "filename": "tests/swarm/test_preflight.py",
        "hashed_secret": "d5c6b06e84157ad074defa3f72213e5f9600682f",
        "is_verified": false,
        "line_number": 99
      }
    ],
    "tests/swarm/test_prompt_injection_neutralization.py": [
      {
        "type": "Secret Keyword",
        "filename": "tests/swarm/test_prompt_injection_neutralization.py",
        "hashed_secret": "d5c6b06e84157ad074defa3f72213e5f9600682f",
        "is_verified": false,
        "line_number": 268
      }
    ],
    "tests/swarm/test_schema.py": [
      {
        "type": "Secret Keyword",
        "filename": "tests/swarm/test_schema.py",
        "hashed_secret": "d5c6b06e84157ad074defa3f72213e5f9600682f",
        "is_verified": false,
        "line_number": 88
      }
    ],
    "tests/swarm/test_schema_forward_compat.py": [
      {
        "type": "Secret Keyword",
        "filename": "tests/swarm/test_schema_forward_compat.py",
        "hashed_secret": "d5c6b06e84157ad074defa3f72213e5f9600682f",
        "is_verified": false,
        "line_number": 92
      }
    ],
    "tests/swarm/test_schema_injection_substring.py": [
      {
        "type": "Secret Keyword",
        "filename": "tests/swarm/test_schema_injection_substring.py",
        "hashed_secret": "d5c6b06e84157ad074defa3f72213e5f9600682f",
        "is_verified": false,
        "line_number": 84
      }
    ],
    "tests/swarm/test_swarm_run_inputs.py": [
      {
        "type": "Secret Keyword",
        "filename": "tests/swarm/test_swarm_run_inputs.py",
        "hashed_secret": "d5c6b06e84157ad074defa3f72213e5f9600682f",
        "is_verified": false,
        "line_number": 118
      }
    ],
    "tests/swarm/test_t2_env_contract.py": [
      {
        "type": "Secret Keyword",
        "filename": "tests/swarm/test_t2_env_contract.py",
        "hashed_secret": "02f6125baae58c457676efa76a64a50fa7ecfed6",
        "is_verified": false,
        "line_number": 78
      }
    ],
    "tests/swarm/test_tmux_fallback.py": [
      {
        "type": "Secret Keyword",
        "filename": "tests/swarm/test_tmux_fallback.py",
        "hashed_secret": "d5c6b06e84157ad074defa3f72213e5f9600682f",
        "is_verified": false,
        "line_number": 85
      }
    ],
    "tests/swarm/test_transportspec.py": [
      {
        "type": "Secret Keyword",
        "filename": "tests/swarm/test_transportspec.py",
        "hashed_secret": "d5c6b06e84157ad074defa3f72213e5f9600682f",
        "is_verified": false,
        "line_number": 110
      },
      {
        "type": "Secret Keyword",
        "filename": "tests/swarm/test_transportspec.py",
        "hashed_secret": "bc9a26ee6c48fa8d5e56fd387f658f9cfbdd80d2",
        "is_verified": false,
        "line_number": 169
      }
    ],
    "tests/swarm/test_validate_cmd.py": [
      {
        "type": "Secret Keyword",
        "filename": "tests/swarm/test_validate_cmd.py",
        "hashed_secret": "d5c6b06e84157ad074defa3f72213e5f9600682f",
        "is_verified": false,
        "line_number": 86
      }
    ],
    "tests/v3.3/test_wiring_points_e2e.py": [
      {
        "type": "Hex High Entropy String",
        "filename": "tests/v3.3/test_wiring_points_e2e.py",
        "hashed_secret": "90bd1b48e958257948487b90bee080ba5ed00caa",
        "is_verified": false,
        "line_number": 2045
      }
    ]
  },
  "generated_at": "2026-06-17T02:05:37Z"
}
